✓ Initialized. View run at 
https://modal.com/apps/islamborghini/main/ap-6lYea02pzwsTxenT2ItVKN
✓ Created objects.
├── 🔨 Created mount /Users/islam/fun_fable_proj/bench/session.py
├── 🔨 Created mount /Users/islam/fun_fable_proj/qwen35_fast
├── 🔨 Created mount /Users/islam/fun_fable_proj/bench
└── 🔨 Created function run.

==========
== CUDA ==
==========

CUDA Version 13.0.1

Container image Copyright (c) 2016-2023, NVIDIA CORPORATION & AFFILIATES. All rights reserved.

This container image and its contents are governed by the NVIDIA Deep Learning Container License.
By pulling and using the container, you accept the terms and conditions of this license:
https://developer.nvidia.com/ngc/nvidia-deep-learning-container-license

A copy of this license is made available in this container at /NGC-DL-CONTAINER-LICENSE for your convenience.


[1AFetching 10 files:   0%|          | 0/10 [00:00<?, ?it/s]
[1AFetching 10 files: 100%|██████████| 10/10 [00:00<00:00, 852.92it/s]

[1AFetching 10 files:   0%|          | 0/10 [00:00<?, ?it/s]
[1AFetching 10 files: 100%|██████████| 10/10 [00:00<00:00, 1297.78it/s]

[1ALoading weights:   0%|          | 0/617 [00:00<?, ?it/s]
[1ALoading weights:   0%|          | 1/617 [00:00<03:22,  3.05it/s]
[1ALoading weights:   6%|▌         | 34/617 [00:00<00:05, 97.32it/s]
[1ALoading weights:  10%|█         | 62/617 [00:00<00:03, 149.99it/s]
[1ALoading weights:  16%|█▌        | 96/617 [00:00<00:02, 198.63it/s]
[1ALoading weights:  21%|██▏       | 132/617 [00:00<00:01, 245.01it/s]
[1ALoading weights:  26%|██▋       | 163/617 [00:00<00:01, 263.87it/s]
[1ALoading weights:  32%|███▏      | 195/617 [00:00<00:01, 275.41it/s]
[1ALoading weights:  38%|███▊      | 234/617 [00:01<00:01, 300.14it/s]
[1ALoading weights:  44%|████▍     | 273/617 [00:01<00:01, 324.06it/s]
[1ALoading weights:  50%|████▉     | 307/617 [00:01<00:00, 313.72it/s]
[1ALoading weights:  58%|█████▊    | 360/617 [00:01<00:00, 374.66it/s]
[1ALoading weights:  76%|███████▌  | 470/617 [00:01<00:00, 577.16it/s]
[1ALoading weights:  99%|█████████▉| 613/617 [00:01<00:00, 823.70it/s]
[1ALoading weights: 100%|██████████| 617/617 [00:01<00:00, 385.89it/s]
[transformers] `causal_conv1d_fn` is falling back to its reference PyTorch implementation because `causal_conv1d` is not installed. This is correct but much slower; install `causal_conv1d` for the optimized kernel.
[transformers] `causal_conv1d_update` is falling back to its reference PyTorch implementation because `causal_conv1d` is not installed. This is correct but much slower; install `causal_conv1d` for the optimized kernel.
HF noise floor dev-prose-512 {'max_abs_diff': 0.375, 'top1_disagree': 2}
HF noise floor dev-prose-2048 {'max_abs_diff': 0.3125, 'top1_disagree': 2}
HF noise floor dev-code-512 {'max_abs_diff': 0.4375, 'top1_disagree': 3}
HF noise floor dev-code-2048 {'max_abs_diff': 0.2734375, 'top1_disagree': 2}
HF noise floor dev-structured-512 {'max_abs_diff': 2.0, 'top1_disagree': 1}
HF noise floor dev-structured-2048 {'max_abs_diff': 1.21875, 'top1_disagree': 0}
K=  2048 N=   8224 M=1 max|d|=0.25 worst=0.50x tol
K=  2048 N=   8224 M=2 max|d|=0.25 worst=0.50x tol
K=  2048 N=   8224 M=3 max|d|=0.5 worst=0.50x tol
K=  2048 N=   8224 M=4 max|d|=1 worst=0.50x tol
K=  2048 N=  12288 M=1 max|d|=0.5 worst=0.50x tol
K=  2048 N=  12288 M=2 max|d|=0.5 worst=0.50x tol
K=  2048 N=  12288 M=3 max|d|=1 worst=0.50x tol
K=  2048 N=  12288 M=4 max|d|=0.25 worst=0.50x tol
K=  6144 N=   2048 M=1 max|d|=0 worst=0.00x tol
K=  6144 N=   2048 M=2 max|d|=0.0625 worst=0.50x tol
K=  6144 N=   2048 M=3 max|d|=0.007812 worst=0.47x tol
K=  6144 N=   2048 M=4 max|d|=0.03125 worst=0.49x tol
K=  2048 N=   5120 M=1 max|d|=0.125 worst=0.50x tol
K=  2048 N=   5120 M=2 max|d|=0.25 worst=0.50x tol
K=  2048 N=   5120 M=3 max|d|=0.5 worst=0.50x tol
K=  2048 N=   5120 M=4 max|d|=0.5 worst=0.50x tol
K=  2048 N=   2048 M=1 max|d|=0.0002441 worst=0.16x tol
K=  2048 N=   2048 M=2 max|d|=0.5 worst=0.50x tol
K=  2048 N=   2048 M=3 max|d|=0.007812 worst=0.47x tol
K=  2048 N=   2048 M=4 max|d|=0.25 worst=0.50x tol
K=  4096 N=   2048 M=1 max|d|=0.007812 worst=0.47x tol
K=  4096 N=   2048 M=2 max|d|=0.03125 worst=0.49x tol
K=  4096 N=   2048 M=3 max|d|=0.25 worst=0.50x tol
K=  4096 N=   2048 M=4 max|d|=0.5 worst=0.50x tol
K=  2048 N= 248320 M=1 max|d|=0.5 worst=0.50x tol
K=  2048 N= 248320 M=2 max|d|=0.5 worst=0.50x tol
K=  2048 N= 248320 M=3 max|d|=0.5 worst=0.50x tol
K=  2048 N= 248320 M=4 max|d|=1 worst=0.50x tol
K=  2048 N=     32 M=1 max|d|=0 worst=0.00x tol
K=  2048 N=     32 M=2 max|d|=0 worst=0.00x tol
K=  2048 N=     32 M=3 max|d|=0 worst=0.00x tol
K=  2048 N=     32 M=4 max|d|=0 worst=0.00x tol
test(): OK
K=  2048 N=   8224 M=1 cfg=(8, 512, 1, 4, 3) ours=1680.4 GB/s torch=2902.5 GB/s
K=  2048 N=  12288 M=1 cfg=(8, 512, 1, 4, 3) ours=2306.8 GB/s torch=2751.0 GB/s
K=  6144 N=   2048 M=1 cfg=(8, 512, 2, 4, 3) ours=802.3 GB/s torch=1889.4 GB/s
K=  2048 N=   5120 M=1 cfg=(8, 512, 1, 4, 3) ours=1081.9 GB/s torch=1854.5 GB/s
K=  2048 N=   2048 M=1 cfg=(8, 512, 2, 4, 3) ours=266.3 GB/s torch=802.5 GB/s
K=  4096 N=   2048 M=1 cfg=(8, 512, 2, 4, 3) ours=543.3 GB/s torch=1327.6 GB/s
K=  2048 N= 248320 M=1 cfg=(16, 512, 1, 4, 3) ours=2802.3 GB/s torch=3521.3 GB/s
K=  2048 N=     32 M=1 cfg=(8, 128, 32, 4, 2) ours=4.3 GB/s torch=12.3 GB/s
k0_compile {'correct': True, 'why': 'ok (max|diff| 1.516, tol 2.438)', 'geomean': 410.4066588030324, 'spread': (410.38937948333523, 410.42388847507067), 'accepted': True}
k2_compile {'correct': True, 'why': 'ok (max|diff| 1.500, tol 2.438)', 'geomean': 590.4227621464237, 'spread': (590.3809797558342, 590.464448401049), 'accepted': False}
k3_compile {'correct': True, 'why': 'ok (max|diff| 1.500, tol 2.438)', 'geomean': 614.3652103897656, 'spread': (614.0610958473062, 614.6690507278695), 'accepted': False}
k0_layer_ep {'correct': False, 'why': 'dev-structured-2048: decode logits max|diff| 2.969 > tol 2.438 (HF floor 1.219)'}
/usr/local/lib/python3.12/site-packages/torch/_inductor/select_algorithm.py:4799: UserWarning: TypedStorage is deprecated. It will be removed in the future and UntypedStorage will be the only storage class. This should only matter to you if you are using storages directly.  To access UntypedStorage directly, use tensor.untyped_storage() instead of tensor.storage()
  current_out_size = out_base.storage().size()
Autotune Choices Stats:
{"num_choices": 16, "num_triton_choices": 15, "best_kernel": "convolution", "best_time": 0.0055680000223219395, "best_triton_pos": 1, "best_triton_time": 0.011648000217974186, "best_triton_kernel": "triton_depthwise_conv1d_0", "best_triton_kernel_desc": "BLOCK_C=32, BLOCK_L=32, BLOCK_N=16, CONV_STRIDE=1, KERNEL_SIZE=4, PADDING=0, num_stages=4, num_warps=8"}
AUTOTUNE convolution(1x6144x4, 6144x1x4)
strides: [24576, 4, 1], [4, 4, 1]
dtypes: torch.bfloat16, torch.bfloat16
  convolution 0.0056 ms 100.0% 
  triton_depthwise_conv1d_0 0.0116 ms 47.8% BLOCK_C=32, BLOCK_L=32, BLOCK_N=16, CONV_STRIDE=1, KERNEL_SIZE=4, PADDING=0, num_stages=4, num_warps=8
  triton_depthwise_conv1d_10 0.2468 ms 2.3% BLOCK_C=64, BLOCK_L=32, BLOCK_N=16, CONV_STRIDE=1, KERNEL_SIZE=4, PADDING=0, num_stages=4, num_warps=8
  triton_depthwise_conv1d_1 0.2677 ms 2.1% BLOCK_C=32, BLOCK_L=32, BLOCK_N=16, CONV_STRIDE=1, KERNEL_SIZE=4, PADDING=0, num_stages=4, num_warps=4
  triton_depthwise_conv1d_2 0.3220 ms 1.7% BLOCK_C=32, BLOCK_L=32, BLOCK_N=32, CONV_STRIDE=1, KERNEL_SIZE=4, PADDING=0, num_stages=5, num_warps=8
  triton_depthwise_conv1d_7 0.3463 ms 1.6% BLOCK_C=32, BLOCK_L=256, BLOCK_N=16, CONV_STRIDE=1, KERNEL_SIZE=4, PADDING=0, num_stages=5, num_warps=8
  triton_depthwise_conv1d_4 0.3543 ms 1.6% BLOCK_C=32, BLOCK_L=64, BLOCK_N=16, CONV_STRIDE=1, KERNEL_SIZE=4, PADDING=0, num_stages=4, num_warps=8
  triton_depthwise_conv1d_13 0.5299 ms 1.1% BLOCK_C=128, BLOCK_L=32, BLOCK_N=16, CONV_STRIDE=1, KERNEL_SIZE=4, PADDING=0, num_stages=3, num_warps=8
  triton_depthwise_conv1d_11 0.5668 ms 1.0% BLOCK_C=64, BLOCK_L=32, BLOCK_N=16, CONV_STRIDE=1, KERNEL_SIZE=4, PADDING=0, num_stages=4, num_warps=4
  triton_depthwise_conv1d_5 0.5975 ms 0.9% BLOCK_C=32, BLOCK_L=64, BLOCK_N=16, CONV_STRIDE=1, KERNEL_SIZE=4, PADDING=0, num_stages=4, num_warps=4
SingleProcess AUTOTUNE benchmarking takes 0.5578 seconds and 9.1128 seconds precompiling for 16 choices
Autotune Choices Stats:
{"num_choices": 20, "num_triton_choices": 19, "best_kernel": "triton_bmm_19", "best_kernel_desc": "ACC_TYPE='tl.float32', ALLOW_TF32=False, BLOCK_K=128, BLOCK_M=16, BLOCK_N=32, EVEN_K=True, GROUP_M=8, USE_FAST_ACCUM=False, num_stages=5, num_warps=2", "best_time": 0.008671999908983707, "best_triton_pos": 0}
AUTOTUNE bmm(2x4x256, 2x256x8704)
strides: [1024, 256, 1], [2228224, 1, 256]
dtypes: torch.bfloat16, torch.bfloat16
  triton_bmm_19 0.0087 ms 100.0% ACC_TYPE='tl.float32', ALLOW_TF32=False, BLOCK_K=128, BLOCK_M=16, BLOCK_N=32, EVEN_K=True, GROUP_M=8, USE_FAST_ACCUM=False, num_stages=5, num_warps=2
  triton_bmm_33 0.0087 ms 100.0% ACC_TYPE='tl.float32', ALLOW_TF32=False, BLOCK_K=64, BLOCK_M=16, BLOCK_N=256, EVEN_K=True, GROUP_M=8, USE_FAST_ACCUM=False, num_stages=4, num_warps=8
  triton_bmm_22 0.0088 ms 98.2% ACC_TYPE='tl.float32', ALLOW_TF32=False, BLOCK_K=64, BLOCK_M=16, BLOCK_N=64, EVEN_K=True, GROUP_M=8, USE_FAST_ACCUM=False, num_stages=3, num_warps=4
  triton_bmm_26 0.0089 ms 97.1% ACC_TYPE='tl.float32', ALLOW_TF32=False, BLOCK_K=64, BLOCK_M=16, BLOCK_N=128, EVEN_K=True, GROUP_M=8, USE_FAST_ACCUM=False, num_stages=3, num_warps=4
  triton_bmm_16 0.0090 ms 96.4% ACC_TYPE='tl.float32', ALLOW_TF32=False, BLOCK_K=128, BLOCK_M=16, BLOCK_N=32, EVEN_K=True, GROUP_M=8, USE_FAST_ACCUM=False, num_stages=2, num_warps=2
  triton_bmm_23 0.0090 ms 96.4% ACC_TYPE='tl.float32', ALLOW_TF32=False, BLOCK_K=128, BLOCK_M=16, BLOCK_N=64, EVEN_K=True, GROUP_M=8, USE_FAST_ACCUM=False, num_stages=5, num_warps=4
  triton_bmm_17 0.0090 ms 96.1% ACC_TYPE='tl.float32', ALLOW_TF32=False, BLOCK_K=32, BLOCK_M=16, BLOCK_N=64, EVEN_K=True, GROUP_M=8, USE_FAST_ACCUM=False, num_stages=5, num_warps=4
  triton_bmm_29 0.0091 ms 95.8% ACC_TYPE='tl.float32', ALLOW_TF32=False, BLOCK_K=32, BLOCK_M=16, BLOCK_N=64, EVEN_K=True, GROUP_M=8, USE_FAST_ACCUM=False, num_stages=4, num_warps=4
  triton_bmm_28 0.0094 ms 92.2% ACC_TYPE='tl.float32', ALLOW_TF32=False, BLOCK_K=32, BLOCK_M=16, BLOCK_N=64, EVEN_K=True, GROUP_M=8, USE_FAST_ACCUM=False, num_stages=3, num_warps=4
  triton_bmm_25 0.0096 ms 90.6% ACC_TYPE='tl.float32', ALLOW_TF32=False, BLOCK_K=32, BLOCK_M=16, BLOCK_N=128, EVEN_K=True, GROUP_M=8, USE_FAST_ACCUM=False, num_stages=4, num_warps=8
SingleProcess AUTOTUNE benchmarking takes 0.2042 seconds and 0.0002 seconds precompiling for 20 choices
Autotune Choices Stats:
{"num_choices": 20, "num_triton_choices": 19, "best_kernel": "bmm", "best_time": 0.017952000722289085, "best_triton_pos": 1, "best_triton_time": 0.024032000452280045, "best_triton_kernel": "triton_bmm_38", "best_triton_kernel_desc": "ACC_TYPE='tl.float32', ALLOW_TF32=False, BLOCK_K=128, BLOCK_M=16, BLOCK_N=32, EVEN_K=True, GROUP_M=8, USE_FAST_ACCUM=False, num_stages=5, num_warps=2"}
AUTOTUNE bmm(2x8x8704, 2x8704x256)
strides: [69632, 8704, 1], [2228224, 256, 1]
dtypes: torch.bfloat16, torch.bfloat16
  bmm 0.0180 ms 100.0% 
  triton_bmm_38 0.0240 ms 74.7% ACC_TYPE='tl.float32', ALLOW_TF32=False, BLOCK_K=128, BLOCK_M=16, BLOCK_N=32, EVEN_K=True, GROUP_M=8, USE_FAST_ACCUM=False, num_stages=5, num_warps=2
  triton_bmm_42 0.0283 ms 63.4% ACC_TYPE='tl.float32', ALLOW_TF32=False, BLOCK_K=128, BLOCK_M=16, BLOCK_N=64, EVEN_K=True, GROUP_M=8, USE_FAST_ACCUM=False, num_stages=5, num_warps=4
  triton_bmm_46 0.0361 ms 49.7% ACC_TYPE='tl.float32', ALLOW_TF32=False, BLOCK_K=128, BLOCK_M=16, BLOCK_N=128, EVEN_K=True, GROUP_M=8, USE_FAST_ACCUM=False, num_stages=4, num_warps=4
  triton_bmm_51 0.0396 ms 45.4% ACC_TYPE='tl.float32', ALLOW_TF32=False, BLOCK_K=128, BLOCK_M=16, BLOCK_N=128, EVEN_K=True, GROUP_M=8, USE_FAST_ACCUM=False, num_stages=4, num_warps=8
  triton_bmm_50 0.0434 ms 41.3% ACC_TYPE='tl.float32', ALLOW_TF32=False, BLOCK_K=64, BLOCK_M=16, BLOCK_N=128, EVEN_K=True, GROUP_M=8, USE_FAST_ACCUM=False, num_stages=5, num_warps=8
  triton_bmm_37 0.0481 ms 37.4% ACC_TYPE='tl.float32', ALLOW_TF32=False, BLOCK_K=32, BLOCK_M=16, BLOCK_N=32, EVEN_K=True, GROUP_M=8, USE_FAST_ACCUM=False, num_stages=5, num_warps=2
  triton_bmm_36 0.0500 ms 35.9% ACC_TYPE='tl.float32', ALLOW_TF32=False, BLOCK_K=32, BLOCK_M=16, BLOCK_N=64, EVEN_K=True, GROUP_M=8, USE_FAST_ACCUM=False, num_stages=5, num_warps=4
  triton_bmm_41 0.0544 ms 33.0% ACC_TYPE='tl.float32', ALLOW_TF32=False, BLOCK_K=64, BLOCK_M=16, BLOCK_N=64, EVEN_K=True, GROUP_M=8, USE_FAST_ACCUM=False, num_stages=3, num_warps=4
  triton_bmm_45 0.0591 ms 30.4% ACC_TYPE='tl.float32', ALLOW_TF32=False, BLOCK_K=64, BLOCK_M=16, BLOCK_N=128, EVEN_K=True, GROUP_M=8, USE_FAST_ACCUM=False, num_stages=3, num_warps=4
SingleProcess AUTOTUNE benchmarking takes 0.3674 seconds and 0.0002 seconds precompiling for 20 choices
k0_layer_at_ep {'correct': False, 'why': 'dev-structured-2048: decode logits max|diff| 2.469 > tol 2.438 (HF floor 1.219)'}
Autotune Choices Stats:
{"num_choices": 16, "num_triton_choices": 15, "best_kernel": "convolution", "best_time": 0.005535999778658152, "best_triton_pos": 1, "best_triton_time": 0.01158399973064661, "best_triton_kernel": "triton_depthwise_conv1d_72", "best_triton_kernel_desc": "BLOCK_C=32, BLOCK_L=32, BLOCK_N=16, CONV_STRIDE=1, KERNEL_SIZE=4, PADDING=0, num_stages=4, num_warps=8"}
AUTOTUNE convolution(1x6144x6, 6144x1x4)
strides: [36864, 6, 1], [4, 4, 1]
dtypes: torch.bfloat16, torch.bfloat16
  convolution 0.0055 ms 100.0% 
  triton_depthwise_conv1d_72 0.0116 ms 47.8% BLOCK_C=32, BLOCK_L=32, BLOCK_N=16, CONV_STRIDE=1, KERNEL_SIZE=4, PADDING=0, num_stages=4, num_warps=8
  triton_depthwise_conv1d_80 0.1179 ms 4.7% BLOCK_C=32, BLOCK_L=256, BLOCK_N=16, CONV_STRIDE=1, KERNEL_SIZE=4, PADDING=0, num_stages=4, num_warps=4
  triton_depthwise_conv1d_75 0.1745 ms 3.2% BLOCK_C=32, BLOCK_L=32, BLOCK_N=32, CONV_STRIDE=1, KERNEL_SIZE=4, PADDING=0, num_stages=4, num_warps=4
  triton_depthwise_conv1d_73 0.2240 ms 2.5% BLOCK_C=32, BLOCK_L=32, BLOCK_N=16, CONV_STRIDE=1, KERNEL_SIZE=4, PADDING=0, num_stages=4, num_warps=4
  triton_depthwise_conv1d_82 0.2506 ms 2.2% BLOCK_C=64, BLOCK_L=32, BLOCK_N=16, CONV_STRIDE=1, KERNEL_SIZE=4, PADDING=0, num_stages=4, num_warps=8
  triton_depthwise_conv1d_74 0.3199 ms 1.7% BLOCK_C=32, BLOCK_L=32, BLOCK_N=32, CONV_STRIDE=1, KERNEL_SIZE=4, PADDING=0, num_stages=5, num_warps=8
  triton_depthwise_conv1d_79 0.3395 ms 1.6% BLOCK_C=32, BLOCK_L=256, BLOCK_N=16, CONV_STRIDE=1, KERNEL_SIZE=4, PADDING=0, num_stages=5, num_warps=8
  triton_depthwise_conv1d_76 0.3477 ms 1.6% BLOCK_C=32, BLOCK_L=64, BLOCK_N=16, CONV_STRIDE=1, KERNEL_SIZE=4, PADDING=0, num_stages=4, num_warps=8
  triton_depthwise_conv1d_85 0.5032 ms 1.1% BLOCK_C=128, BLOCK_L=32, BLOCK_N=16, CONV_STRIDE=1, KERNEL_SIZE=4, PADDING=0, num_stages=3, num_warps=8
SingleProcess AUTOTUNE benchmarking takes 0.5274 seconds and 74.5888 seconds precompiling for 16 choices
Autotune Choices Stats:
{"num_choices": 20, "num_triton_choices": 19, "best_kernel": "triton_mm_61", "best_kernel_desc": "ACC_TYPE='tl.float32', ALLOW_TF32=False, BLOCK_K=128, BLOCK_M=16, BLOCK_N=64, EVEN_K=True, GROUP_M=8, USE_FAST_ACCUM=False, num_stages=5, num_warps=4", "best_time": 0.017696000635623932, "best_triton_pos": 0}
AUTOTUNE mm(3x2048, 2048x8224)
strides: [2048, 1], [1, 2048]
dtypes: torch.bfloat16, torch.bfloat16
  triton_mm_61 0.0177 ms 100.0% ACC_TYPE='tl.float32', ALLOW_TF32=False, BLOCK_K=128, BLOCK_M=16, BLOCK_N=64, EVEN_K=True, GROUP_M=8, USE_FAST_ACCUM=False, num_stages=5, num_warps=4
  triton_mm_57 0.0181 ms 97.7% ACC_TYPE='tl.float32', ALLOW_TF32=False, BLOCK_K=128, BLOCK_M=16, BLOCK_N=32, EVEN_K=True, GROUP_M=8, USE_FAST_ACCUM=False, num_stages=5, num_warps=2
  mm 0.0184 ms 96.3% 
  triton_mm_70 0.0188 ms 93.9% ACC_TYPE='tl.float32', ALLOW_TF32=False, BLOCK_K=128, BLOCK_M=16, BLOCK_N=128, EVEN_K=True, GROUP_M=8, USE_FAST_ACCUM=False, num_stages=4, num_warps=8
  triton_mm_65 0.0203 ms 87.1% ACC_TYPE='tl.float32', ALLOW_TF32=False, BLOCK_K=128, BLOCK_M=16, BLOCK_N=128, EVEN_K=True, GROUP_M=8, USE_FAST_ACCUM=False, num_stages=4, num_warps=4
  triton_mm_69 0.0208 ms 85.2% ACC_TYPE='tl.float32', ALLOW_TF32=False, BLOCK_K=64, BLOCK_M=16, BLOCK_N=128, EVEN_K=True, GROUP_M=8, USE_FAST_ACCUM=False, num_stages=5, num_warps=8
  triton_mm_60 0.0248 ms 71.4% ACC_TYPE='tl.float32', ALLOW_TF32=False, BLOCK_K=64, BLOCK_M=16, BLOCK_N=64, EVEN_K=True, GROUP_M=8, USE_FAST_ACCUM=False, num_stages=3, num_warps=4
  triton_mm_54 0.0249 ms 71.2% ACC_TYPE='tl.float32', ALLOW_TF32=False, BLOCK_K=128, BLOCK_M=16, BLOCK_N=32, EVEN_K=True, GROUP_M=8, USE_FAST_ACCUM=False, num_stages=2, num_warps=2
  triton_mm_71 0.0254 ms 69.6% ACC_TYPE='tl.float32', ALLOW_TF32=False, BLOCK_K=64, BLOCK_M=16, BLOCK_N=256, EVEN_K=True, GROUP_M=8, USE_FAST_ACCUM=False, num_stages=4, num_warps=8
  triton_mm_55 0.0276 ms 64.1% ACC_TYPE='tl.float32', ALLOW_TF32=False, BLOCK_K=32, BLOCK_M=16, BLOCK_N=64, EVEN_K=True, GROUP_M=8, USE_FAST_ACCUM=False, num_stages=5, num_warps=4
SingleProcess AUTOTUNE benchmarking takes 0.2536 seconds and 0.0002 seconds precompiling for 20 choices
Autotune Choices Stats:
{"num_choices": 20, "num_triton_choices": 19, "best_kernel": "mm", "best_time": 0.009535999968647957, "best_triton_pos": 1, "best_triton_time": 0.009600000455975533, "best_triton_kernel": "triton_mm_91", "best_triton_kernel_desc": "ACC_TYPE='tl.float32', ALLOW_TF32=False, BLOCK_K=128, BLOCK_M=16, BLOCK_N=32, EVEN_K=True, GROUP_M=8, USE_FAST_ACCUM=False, num_stages=5, num_warps=2"}
AUTOTUNE mm(3x2048, 2048x2048)
strides: [2048, 1], [1, 2048]
dtypes: torch.bfloat16, torch.bfloat16
  mm 0.0095 ms 100.0% 
  triton_mm_91 0.0096 ms 99.3% ACC_TYPE='tl.float32', ALLOW_TF32=False, BLOCK_K=128, BLOCK_M=16, BLOCK_N=32, EVEN_K=True, GROUP_M=8, USE_FAST_ACCUM=False, num_stages=5, num_warps=2
  triton_mm_95 0.0101 ms 94.0% ACC_TYPE='tl.float32', ALLOW_TF32=False, BLOCK_K=128, BLOCK_M=16, BLOCK_N=64, EVEN_K=True, GROUP_M=8, USE_FAST_ACCUM=False, num_stages=5, num_warps=4
  triton_mm_99 0.0131 ms 72.9% ACC_TYPE='tl.float32', ALLOW_TF32=False, BLOCK_K=128, BLOCK_M=16, BLOCK_N=128, EVEN_K=True, GROUP_M=8, USE_FAST_ACCUM=False, num_stages=4, num_warps=4
  triton_mm_104 0.0135 ms 70.4% ACC_TYPE='tl.float32', ALLOW_TF32=False, BLOCK_K=128, BLOCK_M=16, BLOCK_N=128, EVEN_K=True, GROUP_M=8, USE_FAST_ACCUM=False, num_stages=4, num_warps=8
  triton_mm_103 0.0139 ms 68.5% ACC_TYPE='tl.float32', ALLOW_TF32=False, BLOCK_K=64, BLOCK_M=16, BLOCK_N=128, EVEN_K=True, GROUP_M=8, USE_FAST_ACCUM=False, num_stages=5, num_warps=8
  triton_mm_90 0.0165 ms 57.9% ACC_TYPE='tl.float32', ALLOW_TF32=False, BLOCK_K=32, BLOCK_M=16, BLOCK_N=32, EVEN_K=True, GROUP_M=8, USE_FAST_ACCUM=False, num_stages=5, num_warps=2
  triton_mm_89 0.0174 ms 54.9% ACC_TYPE='tl.float32', ALLOW_TF32=False, BLOCK_K=32, BLOCK_M=16, BLOCK_N=64, EVEN_K=True, GROUP_M=8, USE_FAST_ACCUM=False, num_stages=5, num_warps=4
  triton_mm_94 0.0175 ms 54.5% ACC_TYPE='tl.float32', ALLOW_TF32=False, BLOCK_K=64, BLOCK_M=16, BLOCK_N=64, EVEN_K=True, GROUP_M=8, USE_FAST_ACCUM=False, num_stages=3, num_warps=4
  triton_mm_88 0.0181 ms 52.7% ACC_TYPE='tl.float32', ALLOW_TF32=False, BLOCK_K=128, BLOCK_M=16, BLOCK_N=32, EVEN_K=True, GROUP_M=8, USE_FAST_ACCUM=False, num_stages=2, num_warps=2
SingleProcess AUTOTUNE benchmarking takes 0.2370 seconds and 0.3357 seconds precompiling for 20 choices
Autotune Choices Stats:
{"num_choices": 20, "num_triton_choices": 19, "best_kernel": "triton_mm_123", "best_kernel_desc": "ACC_TYPE='tl.float32', ALLOW_TF32=False, BLOCK_K=128, BLOCK_M=16, BLOCK_N=128, EVEN_K=True, GROUP_M=8, USE_FAST_ACCUM=False, num_stages=4, num_warps=8", "best_time": 0.023903999477624893, "best_triton_pos": 0}
AUTOTUNE mm(3x2048, 2048x12288)
strides: [2048, 1], [1, 2048]
dtypes: torch.bfloat16, torch.bfloat16
  triton_mm_123 0.0239 ms 100.0% ACC_TYPE='tl.float32', ALLOW_TF32=False, BLOCK_K=128, BLOCK_M=16, BLOCK_N=128, EVEN_K=True, GROUP_M=8, USE_FAST_ACCUM=False, num_stages=4, num_warps=8
  triton_mm_110 0.0240 ms 99.5% ACC_TYPE='tl.float32', ALLOW_TF32=False, BLOCK_K=128, BLOCK_M=16, BLOCK_N=32, EVEN_K=True, GROUP_M=8, USE_FAST_ACCUM=False, num_stages=5, num_warps=2
  mm 0.0242 ms 98.7% 
  triton_mm_114 0.0246 ms 97.3% ACC_TYPE='tl.float32', ALLOW_TF32=False, BLOCK_K=128, BLOCK_M=16, BLOCK_N=64, EVEN_K=True, GROUP_M=8, USE_FAST_ACCUM=False, num_stages=5, num_warps=4
  triton_mm_122 0.0247 ms 96.9% ACC_TYPE='tl.float32', ALLOW_TF32=False, BLOCK_K=64, BLOCK_M=16, BLOCK_N=128, EVEN_K=True, GROUP_M=8, USE_FAST_ACCUM=False, num_stages=5, num_warps=8
  triton_mm_118 0.0248 ms 96.3% ACC_TYPE='tl.float32', ALLOW_TF32=False, BLOCK_K=128, BLOCK_M=16, BLOCK_N=128, EVEN_K=True, GROUP_M=8, USE_FAST_ACCUM=False, num_stages=4, num_warps=4
  triton_mm_124 0.0300 ms 79.8% ACC_TYPE='tl.float32', ALLOW_TF32=False, BLOCK_K=64, BLOCK_M=16, BLOCK_N=256, EVEN_K=True, GROUP_M=8, USE_FAST_ACCUM=False, num_stages=4, num_warps=8
  triton_mm_113 0.0310 ms 77.1% ACC_TYPE='tl.float32', ALLOW_TF32=False, BLOCK_K=64, BLOCK_M=16, BLOCK_N=64, EVEN_K=True, GROUP_M=8, USE_FAST_ACCUM=False, num_stages=3, num_warps=4
  triton_mm_107 0.0313 ms 76.3% ACC_TYPE='tl.float32', ALLOW_TF32=False, BLOCK_K=128, BLOCK_M=16, BLOCK_N=32, EVEN_K=True, GROUP_M=8, USE_FAST_ACCUM=False, num_stages=2, num_warps=2
  triton_mm_108 0.0328 ms 72.8% ACC_TYPE='tl.float32', ALLOW_TF32=False, BLOCK_K=32, BLOCK_M=16, BLOCK_N=64, EVEN_K=True, GROUP_M=8, USE_FAST_ACCUM=False, num_stages=5, num_warps=4
SingleProcess AUTOTUNE benchmarking takes 0.2746 seconds and 0.0013 seconds precompiling for 20 choices
Autotune Choices Stats:
{"num_choices": 20, "num_triton_choices": 19, "best_kernel": "addmm", "best_time": 0.018912000581622124, "best_triton_pos": 1, "best_triton_time": 0.021247999742627144, "best_triton_kernel": "triton_mm_129", "best_triton_kernel_desc": "ACC_TYPE='tl.float32', ALLOW_TF32=False, BLOCK_K=128, BLOCK_M=16, BLOCK_N=32, EVEN_K=True, GROUP_M=8, USE_FAST_ACCUM=False, num_stages=5, num_warps=2"}
AUTOTUNE addmm(3x2048, 3x6144, 6144x2048)
strides: [2048, 1], [6144, 1], [1, 6144]
dtypes: torch.bfloat16, torch.bfloat16, torch.bfloat16
  addmm 0.0189 ms 100.0% 
  triton_mm_129 0.0212 ms 89.0% ACC_TYPE='tl.float32', ALLOW_TF32=False, BLOCK_K=128, BLOCK_M=16, BLOCK_N=32, EVEN_K=True, GROUP_M=8, USE_FAST_ACCUM=False, num_stages=5, num_warps=2
  triton_mm_133 0.0215 ms 87.8% ACC_TYPE='tl.float32', ALLOW_TF32=False, BLOCK_K=128, BLOCK_M=16, BLOCK_N=64, EVEN_K=True, GROUP_M=8, USE_FAST_ACCUM=False, num_stages=5, num_warps=4
  triton_mm_137 0.0308 ms 61.3% ACC_TYPE='tl.float32', ALLOW_TF32=False, BLOCK_K=128, BLOCK_M=16, BLOCK_N=128, EVEN_K=True, GROUP_M=8, USE_FAST_ACCUM=False, num_stages=4, num_warps=4
  triton_mm_142 0.0324 ms 58.3% ACC_TYPE='tl.float32', ALLOW_TF32=False, BLOCK_K=128, BLOCK_M=16, BLOCK_N=128, EVEN_K=True, GROUP_M=8, USE_FAST_ACCUM=False, num_stages=4, num_warps=8
  triton_mm_141 0.0361 ms 52.4% ACC_TYPE='tl.float32', ALLOW_TF32=False, BLOCK_K=64, BLOCK_M=16, BLOCK_N=128, EVEN_K=True, GROUP_M=8, USE_FAST_ACCUM=False, num_stages=5, num_warps=8
  triton_mm_128 0.0443 ms 42.7% ACC_TYPE='tl.float32', ALLOW_TF32=False, BLOCK_K=32, BLOCK_M=16, BLOCK_N=32, EVEN_K=True, GROUP_M=8, USE_FAST_ACCUM=False, num_stages=5, num_warps=2
  triton_mm_127 0.0471 ms 40.1% ACC_TYPE='tl.float32', ALLOW_TF32=False, BLOCK_K=32, BLOCK_M=16, BLOCK_N=64, EVEN_K=True, GROUP_M=8, USE_FAST_ACCUM=False, num_stages=5, num_warps=4
  triton_mm_132 0.0479 ms 39.5% ACC_TYPE='tl.float32', ALLOW_TF32=False, BLOCK_K=64, BLOCK_M=16, BLOCK_N=64, EVEN_K=True, GROUP_M=8, USE_FAST_ACCUM=False, num_stages=3, num_warps=4
  triton_mm_126 0.0489 ms 38.7% ACC_TYPE='tl.float32', ALLOW_TF32=False, BLOCK_K=128, BLOCK_M=16, BLOCK_N=32, EVEN_K=True, GROUP_M=8, USE_FAST_ACCUM=False, num_stages=2, num_warps=2
SingleProcess AUTOTUNE benchmarking takes 0.3418 seconds and 0.0002 seconds precompiling for 20 choices
Autotune Choices Stats:
{"num_choices": 20, "num_triton_choices": 19, "best_kernel": "triton_mm_152", "best_kernel_desc": "ACC_TYPE='tl.float32', ALLOW_TF32=False, BLOCK_K=128, BLOCK_M=16, BLOCK_N=64, EVEN_K=True, GROUP_M=8, USE_FAST_ACCUM=False, num_stages=5, num_warps=4", "best_time": 0.013279999606311321, "best_triton_pos": 0}
AUTOTUNE mm(3x2048, 2048x5120)
strides: [2048, 1], [1, 2048]
dtypes: torch.bfloat16, torch.bfloat16
  triton_mm_152 0.0133 ms 100.0% ACC_TYPE='tl.float32', ALLOW_TF32=False, BLOCK_K=128, BLOCK_M=16, BLOCK_N=64, EVEN_K=True, GROUP_M=8, USE_FAST_ACCUM=False, num_stages=5, num_warps=4
  triton_mm_148 0.0135 ms 98.6% ACC_TYPE='tl.float32', ALLOW_TF32=False, BLOCK_K=128, BLOCK_M=16, BLOCK_N=32, EVEN_K=True, GROUP_M=8, USE_FAST_ACCUM=False, num_stages=5, num_warps=2
  mm 0.0136 ms 97.6% 
  triton_mm_161 0.0157 ms 84.7% ACC_TYPE='tl.float32', ALLOW_TF32=False, BLOCK_K=128, BLOCK_M=16, BLOCK_N=128, EVEN_K=True, GROUP_M=8, USE_FAST_ACCUM=False, num_stages=4, num_warps=8
  triton_mm_160 0.0169 ms 78.4% ACC_TYPE='tl.float32', ALLOW_TF32=False, BLOCK_K=64, BLOCK_M=16, BLOCK_N=128, EVEN_K=True, GROUP_M=8, USE_FAST_ACCUM=False, num_stages=5, num_warps=8
  triton_mm_156 0.0187 ms 70.9% ACC_TYPE='tl.float32', ALLOW_TF32=False, BLOCK_K=128, BLOCK_M=16, BLOCK_N=128, EVEN_K=True, GROUP_M=8, USE_FAST_ACCUM=False, num_stages=4, num_warps=4
  triton_mm_151 0.0205 ms 64.7% ACC_TYPE='tl.float32', ALLOW_TF32=False, BLOCK_K=64, BLOCK_M=16, BLOCK_N=64, EVEN_K=True, GROUP_M=8, USE_FAST_ACCUM=False, num_stages=3, num_warps=4
  triton_mm_145 0.0206 ms 64.4% ACC_TYPE='tl.float32', ALLOW_TF32=False, BLOCK_K=128, BLOCK_M=16, BLOCK_N=32, EVEN_K=True, GROUP_M=8, USE_FAST_ACCUM=False, num_stages=2, num_warps=2
  triton_mm_146 0.0218 ms 60.9% ACC_TYPE='tl.float32', ALLOW_TF32=False, BLOCK_K=32, BLOCK_M=16, BLOCK_N=64, EVEN_K=True, GROUP_M=8, USE_FAST_ACCUM=False, num_stages=5, num_warps=4
  triton_mm_147 0.0219 ms 60.8% ACC_TYPE='tl.float32', ALLOW_TF32=False, BLOCK_K=32, BLOCK_M=16, BLOCK_N=32, EVEN_K=True, GROUP_M=8, USE_FAST_ACCUM=False, num_stages=5, num_warps=2
SingleProcess AUTOTUNE benchmarking takes 0.2479 seconds and 0.0002 seconds precompiling for 20 choices
Autotune Choices Stats:
{"num_choices": 20, "num_triton_choices": 19, "best_kernel": "triton_bmm_170", "best_kernel_desc": "ACC_TYPE='tl.float32', ALLOW_TF32=False, BLOCK_K=64, BLOCK_M=16, BLOCK_N=64, EVEN_K=True, GROUP_M=8, USE_FAST_ACCUM=False, num_stages=3, num_warps=4", "best_time": 0.008608000352978706, "best_triton_pos": 0}
AUTOTUNE bmm(2x12x256, 2x256x8704)
strides: [3072, 256, 1], [2228224, 1, 256]
dtypes: torch.bfloat16, torch.bfloat16
  triton_bmm_170 0.0086 ms 100.0% ACC_TYPE='tl.float32', ALLOW_TF32=False, BLOCK_K=64, BLOCK_M=16, BLOCK_N=64, EVEN_K=True, GROUP_M=8, USE_FAST_ACCUM=False, num_stages=3, num_warps=4
  triton_bmm_181 0.0086 ms 99.6% ACC_TYPE='tl.float32', ALLOW_TF32=False, BLOCK_K=64, BLOCK_M=16, BLOCK_N=256, EVEN_K=True, GROUP_M=8, USE_FAST_ACCUM=False, num_stages=4, num_warps=8
  triton_bmm_164 0.0087 ms 98.5% ACC_TYPE='tl.float32', ALLOW_TF32=False, BLOCK_K=128, BLOCK_M=16, BLOCK_N=32, EVEN_K=True, GROUP_M=8, USE_FAST_ACCUM=False, num_stages=2, num_warps=2
  triton_bmm_167 0.0089 ms 97.1% ACC_TYPE='tl.float32', ALLOW_TF32=False, BLOCK_K=128, BLOCK_M=16, BLOCK_N=32, EVEN_K=True, GROUP_M=8, USE_FAST_ACCUM=False, num_stages=5, num_warps=2
  triton_bmm_171 0.0089 ms 97.1% ACC_TYPE='tl.float32', ALLOW_TF32=False, BLOCK_K=128, BLOCK_M=16, BLOCK_N=64, EVEN_K=True, GROUP_M=8, USE_FAST_ACCUM=False, num_stages=5, num_warps=4
  bmm 0.0090 ms 95.7% 
  triton_bmm_165 0.0090 ms 95.4% ACC_TYPE='tl.float32', ALLOW_TF32=False, BLOCK_K=32, BLOCK_M=16, BLOCK_N=64, EVEN_K=True, GROUP_M=8, USE_FAST_ACCUM=False, num_stages=5, num_warps=4
  triton_bmm_174 0.0091 ms 94.7% ACC_TYPE='tl.float32', ALLOW_TF32=False, BLOCK_K=64, BLOCK_M=16, BLOCK_N=128, EVEN_K=True, GROUP_M=8, USE_FAST_ACCUM=False, num_stages=3, num_warps=4
  triton_bmm_177 0.0091 ms 94.7% ACC_TYPE='tl.float32', ALLOW_TF32=False, BLOCK_K=32, BLOCK_M=16, BLOCK_N=64, EVEN_K=True, GROUP_M=8, USE_FAST_ACCUM=False, num_stages=4, num_warps=4
  triton_bmm_166 0.0094 ms 91.5% ACC_TYPE='tl.float32', ALLOW_TF32=False, BLOCK_K=32, BLOCK_M=16, BLOCK_N=32, EVEN_K=True, GROUP_M=8, USE_FAST_ACCUM=False, num_stages=5, num_warps=2
SingleProcess AUTOTUNE benchmarking takes 0.2047 seconds and 0.0002 seconds precompiling for 20 choices
Autotune Choices Stats:
{"num_choices": 20, "num_triton_choices": 19, "best_kernel": "bmm", "best_time": 0.017920000478625298, "best_triton_pos": 1, "best_triton_time": 0.027775999158620834, "best_triton_kernel": "triton_bmm_186", "best_triton_kernel_desc": "ACC_TYPE='tl.float32', ALLOW_TF32=False, BLOCK_K=128, BLOCK_M=16, BLOCK_N=32, EVEN_K=True, GROUP_M=8, USE_FAST_ACCUM=False, num_stages=5, num_warps=2"}
AUTOTUNE bmm(2x12x8704, 2x8704x256)
strides: [104448, 8704, 1], [2228224, 256, 1]
dtypes: torch.bfloat16, torch.bfloat16
  bmm 0.0179 ms 100.0% 
  triton_bmm_186 0.0278 ms 64.5% ACC_TYPE='tl.float32', ALLOW_TF32=False, BLOCK_K=128, BLOCK_M=16, BLOCK_N=32, EVEN_K=True, GROUP_M=8, USE_FAST_ACCUM=False, num_stages=5, num_warps=2
  triton_bmm_190 0.0292 ms 61.3% ACC_TYPE='tl.float32', ALLOW_TF32=False, BLOCK_K=128, BLOCK_M=16, BLOCK_N=64, EVEN_K=True, GROUP_M=8, USE_FAST_ACCUM=False, num_stages=5, num_warps=4
  triton_bmm_194 0.0363 ms 49.4% ACC_TYPE='tl.float32', ALLOW_TF32=False, BLOCK_K=128, BLOCK_M=16, BLOCK_N=128, EVEN_K=True, GROUP_M=8, USE_FAST_ACCUM=False, num_stages=4, num_warps=4
  triton_bmm_199 0.0396 ms 45.2% ACC_TYPE='tl.float32', ALLOW_TF32=False, BLOCK_K=128, BLOCK_M=16, BLOCK_N=128, EVEN_K=True, GROUP_M=8, USE_FAST_ACCUM=False, num_stages=4, num_warps=8
  triton_bmm_198 0.0450 ms 39.9% ACC_TYPE='tl.float32', ALLOW_TF32=False, BLOCK_K=64, BLOCK_M=16, BLOCK_N=128, EVEN_K=True, GROUP_M=8, USE_FAST_ACCUM=False, num_stages=5, num_warps=8
  triton_bmm_185 0.0486 ms 36.8% ACC_TYPE='tl.float32', ALLOW_TF32=False, BLOCK_K=32, BLOCK_M=16, BLOCK_N=32, EVEN_K=True, GROUP_M=8, USE_FAST_ACCUM=False, num_stages=5, num_warps=2
  triton_bmm_184 0.0503 ms 35.6% ACC_TYPE='tl.float32', ALLOW_TF32=False, BLOCK_K=32, BLOCK_M=16, BLOCK_N=64, EVEN_K=True, GROUP_M=8, USE_FAST_ACCUM=False, num_stages=5, num_warps=4
  triton_bmm_189 0.0548 ms 32.7% ACC_TYPE='tl.float32', ALLOW_TF32=False, BLOCK_K=64, BLOCK_M=16, BLOCK_N=64, EVEN_K=True, GROUP_M=8, USE_FAST_ACCUM=False, num_stages=3, num_warps=4
  triton_bmm_193 0.0596 ms 30.1% ACC_TYPE='tl.float32', ALLOW_TF32=False, BLOCK_K=64, BLOCK_M=16, BLOCK_N=128, EVEN_K=True, GROUP_M=8, USE_FAST_ACCUM=False, num_stages=3, num_warps=4
SingleProcess AUTOTUNE benchmarking takes 0.3716 seconds and 0.0003 seconds precompiling for 20 choices
Autotune Choices Stats:
{"num_choices": 20, "num_triton_choices": 19, "best_kernel": "triton_mm_205", "best_kernel_desc": "ACC_TYPE='tl.float32', ALLOW_TF32=False, BLOCK_K=128, BLOCK_M=16, BLOCK_N=32, EVEN_K=True, GROUP_M=8, USE_FAST_ACCUM=False, num_stages=5, num_warps=2", "best_time": 0.009824000298976898, "best_triton_pos": 0}
AUTOTUNE addmm(3x2048, 3x2048, 2048x2048)
strides: [2048, 1], [2048, 1], [1, 2048]
dtypes: torch.bfloat16, torch.bfloat16, torch.bfloat16
  triton_mm_205 0.0098 ms 100.0% ACC_TYPE='tl.float32', ALLOW_TF32=False, BLOCK_K=128, BLOCK_M=16, BLOCK_N=32, EVEN_K=True, GROUP_M=8, USE_FAST_ACCUM=False, num_stages=5, num_warps=2
  triton_mm_209 0.0106 ms 92.5% ACC_TYPE='tl.float32', ALLOW_TF32=False, BLOCK_K=128, BLOCK_M=16, BLOCK_N=64, EVEN_K=True, GROUP_M=8, USE_FAST_ACCUM=False, num_stages=5, num_warps=4
  addmm 0.0117 ms 83.7% 
  triton_mm_213 0.0134 ms 73.1% ACC_TYPE='tl.float32', ALLOW_TF32=False, BLOCK_K=128, BLOCK_M=16, BLOCK_N=128, EVEN_K=True, GROUP_M=8, USE_FAST_ACCUM=False, num_stages=4, num_warps=4
  triton_mm_218 0.0138 ms 71.2% ACC_TYPE='tl.float32', ALLOW_TF32=False, BLOCK_K=128, BLOCK_M=16, BLOCK_N=128, EVEN_K=True, GROUP_M=8, USE_FAST_ACCUM=False, num_stages=4, num_warps=8
  triton_mm_217 0.0142 ms 69.0% ACC_TYPE='tl.float32', ALLOW_TF32=False, BLOCK_K=64, BLOCK_M=16, BLOCK_N=128, EVEN_K=True, GROUP_M=8, USE_FAST_ACCUM=False, num_stages=5, num_warps=8
  triton_mm_204 0.0168 ms 58.6% ACC_TYPE='tl.float32', ALLOW_TF32=False, BLOCK_K=32, BLOCK_M=16, BLOCK_N=32, EVEN_K=True, GROUP_M=8, USE_FAST_ACCUM=False, num_stages=5, num_warps=2
  triton_mm_203 0.0178 ms 55.2% ACC_TYPE='tl.float32', ALLOW_TF32=False, BLOCK_K=32, BLOCK_M=16, BLOCK_N=64, EVEN_K=True, GROUP_M=8, USE_FAST_ACCUM=False, num_stages=5, num_warps=4
  triton_mm_208 0.0178 ms 55.2% ACC_TYPE='tl.float32', ALLOW_TF32=False, BLOCK_K=64, BLOCK_M=16, BLOCK_N=64, EVEN_K=True, GROUP_M=8, USE_FAST_ACCUM=False, num_stages=3, num_warps=4
  triton_mm_202 0.0183 ms 53.7% ACC_TYPE='tl.float32', ALLOW_TF32=False, BLOCK_K=128, BLOCK_M=16, BLOCK_N=32, EVEN_K=True, GROUP_M=8, USE_FAST_ACCUM=False, num_stages=2, num_warps=2
SingleProcess AUTOTUNE benchmarking takes 0.2408 seconds and 0.0002 seconds precompiling for 20 choices
k2_layer_at_ep {'correct': True, 'why': 'ok (max|diff| 2.062, tol 2.438)', 'geomean': 580.7559437747443, 'spread': (580.6468388126157, 580.8648878864341), 'accepted': False}
Autotune Choices Stats:
{"num_choices": 16, "num_triton_choices": 15, "best_kernel": "convolution", "best_time": 0.0054720002226531506, "best_triton_pos": 1, "best_triton_time": 0.009184000082314014, "best_triton_kernel": "triton_depthwise_conv1d_277", "best_triton_kernel_desc": "BLOCK_C=32, BLOCK_L=32, BLOCK_N=16, CONV_STRIDE=1, KERNEL_SIZE=4, PADDING=0, num_stages=4, num_warps=8"}
AUTOTUNE convolution(1x6144x7, 6144x1x4)
strides: [43008, 7, 1], [4, 4, 1]
dtypes: torch.bfloat16, torch.bfloat16
  convolution 0.0055 ms 100.0% 
  triton_depthwise_conv1d_277 0.0092 ms 59.6% BLOCK_C=32, BLOCK_L=32, BLOCK_N=16, CONV_STRIDE=1, KERNEL_SIZE=4, PADDING=0, num_stages=4, num_warps=8
  triton_depthwise_conv1d_278 0.0130 ms 42.0% BLOCK_C=32, BLOCK_L=32, BLOCK_N=16, CONV_STRIDE=1, KERNEL_SIZE=4, PADDING=0, num_stages=4, num_warps=4
  triton_depthwise_conv1d_287 0.0131 ms 41.7% BLOCK_C=64, BLOCK_L=32, BLOCK_N=16, CONV_STRIDE=1, KERNEL_SIZE=4, PADDING=0, num_stages=4, num_warps=8
  triton_depthwise_conv1d_279 0.0208 ms 26.3% BLOCK_C=32, BLOCK_L=32, BLOCK_N=32, CONV_STRIDE=1, KERNEL_SIZE=4, PADDING=0, num_stages=5, num_warps=8
  triton_depthwise_conv1d_281 0.0226 ms 24.2% BLOCK_C=32, BLOCK_L=64, BLOCK_N=16, CONV_STRIDE=1, KERNEL_SIZE=4, PADDING=0, num_stages=4, num_warps=8
  triton_depthwise_conv1d_290 0.1655 ms 3.3% BLOCK_C=128, BLOCK_L=32, BLOCK_N=16, CONV_STRIDE=1, KERNEL_SIZE=4, PADDING=0, num_stages=3, num_warps=8
  triton_depthwise_conv1d_288 0.1756 ms 3.1% BLOCK_C=64, BLOCK_L=32, BLOCK_N=16, CONV_STRIDE=1, KERNEL_SIZE=4, PADDING=0, num_stages=4, num_warps=4
  triton_depthwise_conv1d_289 0.2691 ms 2.0% BLOCK_C=64, BLOCK_L=64, BLOCK_N=16, CONV_STRIDE=1, KERNEL_SIZE=4, PADDING=0, num_stages=3, num_warps=8
  triton_depthwise_conv1d_280 0.3586 ms 1.5% BLOCK_C=32, BLOCK_L=32, BLOCK_N=32, CONV_STRIDE=1, KERNEL_SIZE=4, PADDING=0, num_stages=4, num_warps=4
SingleProcess AUTOTUNE benchmarking takes 0.4467 seconds and 17.7601 seconds precompiling for 16 choices
Autotune Choices Stats:
{"num_choices": 20, "num_triton_choices": 19, "best_kernel": "triton_mm_266", "best_kernel_desc": "ACC_TYPE='tl.float32', ALLOW_TF32=False, BLOCK_K=128, BLOCK_M=16, BLOCK_N=64, EVEN_K=True, GROUP_M=8, USE_FAST_ACCUM=False, num_stages=5, num_warps=4", "best_time": 0.017791999503970146, "best_triton_pos": 0}
AUTOTUNE mm(4x2048, 2048x8224)
strides: [2048, 1], [1, 2048]
dtypes: torch.bfloat16, torch.bfloat16
  triton_mm_266 0.0178 ms 100.0% ACC_TYPE='tl.float32', ALLOW_TF32=False, BLOCK_K=128, BLOCK_M=16, BLOCK_N=64, EVEN_K=True, GROUP_M=8, USE_FAST_ACCUM=False, num_stages=5, num_warps=4
  triton_mm_262 0.0179 ms 99.5% ACC_TYPE='tl.float32', ALLOW_TF32=False, BLOCK_K=128, BLOCK_M=16, BLOCK_N=32, EVEN_K=True, GROUP_M=8, USE_FAST_ACCUM=False, num_stages=5, num_warps=2
  mm 0.0184 ms 96.5% 
  triton_mm_270 0.0184 ms 96.5% ACC_TYPE='tl.float32', ALLOW_TF32=False, BLOCK_K=128, BLOCK_M=16, BLOCK_N=128, EVEN_K=True, GROUP_M=8, USE_FAST_ACCUM=False, num_stages=4, num_warps=4
  triton_mm_275 0.0188 ms 94.6% ACC_TYPE='tl.float32', ALLOW_TF32=False, BLOCK_K=128, BLOCK_M=16, BLOCK_N=128, EVEN_K=True, GROUP_M=8, USE_FAST_ACCUM=False, num_stages=4, num_warps=8
  triton_mm_274 0.0208 ms 85.7% ACC_TYPE='tl.float32', ALLOW_TF32=False, BLOCK_K=64, BLOCK_M=16, BLOCK_N=128, EVEN_K=True, GROUP_M=8, USE_FAST_ACCUM=False, num_stages=5, num_warps=8
  triton_mm_259 0.0247 ms 72.1% ACC_TYPE='tl.float32', ALLOW_TF32=False, BLOCK_K=128, BLOCK_M=16, BLOCK_N=32, EVEN_K=True, GROUP_M=8, USE_FAST_ACCUM=False, num_stages=2, num_warps=2
  triton_mm_265 0.0249 ms 71.5% ACC_TYPE='tl.float32', ALLOW_TF32=False, BLOCK_K=64, BLOCK_M=16, BLOCK_N=64, EVEN_K=True, GROUP_M=8, USE_FAST_ACCUM=False, num_stages=3, num_warps=4
  triton_mm_276 0.0251 ms 70.9% ACC_TYPE='tl.float32', ALLOW_TF32=False, BLOCK_K=64, BLOCK_M=16, BLOCK_N=256, EVEN_K=True, GROUP_M=8, USE_FAST_ACCUM=False, num_stages=4, num_warps=8
  triton_mm_269 0.0268 ms 66.3% ACC_TYPE='tl.float32', ALLOW_TF32=False, BLOCK_K=64, BLOCK_M=16, BLOCK_N=128, EVEN_K=True, GROUP_M=8, USE_FAST_ACCUM=False, num_stages=3, num_warps=4
SingleProcess AUTOTUNE benchmarking takes 0.2553 seconds and 0.0002 seconds precompiling for 20 choices
Autotune Choices Stats:
{"num_choices": 20, "num_triton_choices": 19, "best_kernel": "mm", "best_time": 0.009568000212311745, "best_triton_pos": 1, "best_triton_time": 0.009727999567985535, "best_triton_kernel": "triton_mm_296", "best_triton_kernel_desc": "ACC_TYPE='tl.float32', ALLOW_TF32=False, BLOCK_K=128, BLOCK_M=16, BLOCK_N=32, EVEN_K=True, GROUP_M=8, USE_FAST_ACCUM=False, num_stages=5, num_warps=2"}
AUTOTUNE mm(4x2048, 2048x2048)
strides: [2048, 1], [1, 2048]
dtypes: torch.bfloat16, torch.bfloat16
  mm 0.0096 ms 100.0% 
  triton_mm_296 0.0097 ms 98.4% ACC_TYPE='tl.float32', ALLOW_TF32=False, BLOCK_K=128, BLOCK_M=16, BLOCK_N=32, EVEN_K=True, GROUP_M=8, USE_FAST_ACCUM=False, num_stages=5, num_warps=2
  triton_mm_300 0.0105 ms 91.2% ACC_TYPE='tl.float32', ALLOW_TF32=False, BLOCK_K=128, BLOCK_M=16, BLOCK_N=64, EVEN_K=True, GROUP_M=8, USE_FAST_ACCUM=False, num_stages=5, num_warps=4
  triton_mm_304 0.0131 ms 72.9% ACC_TYPE='tl.float32', ALLOW_TF32=False, BLOCK_K=128, BLOCK_M=16, BLOCK_N=128, EVEN_K=True, GROUP_M=8, USE_FAST_ACCUM=False, num_stages=4, num_warps=4
  triton_mm_309 0.0135 ms 70.7% ACC_TYPE='tl.float32', ALLOW_TF32=False, BLOCK_K=128, BLOCK_M=16, BLOCK_N=128, EVEN_K=True, GROUP_M=8, USE_FAST_ACCUM=False, num_stages=4, num_warps=8
  triton_mm_308 0.0140 ms 68.3% ACC_TYPE='tl.float32', ALLOW_TF32=False, BLOCK_K=64, BLOCK_M=16, BLOCK_N=128, EVEN_K=True, GROUP_M=8, USE_FAST_ACCUM=False, num_stages=5, num_warps=8
  triton_mm_295 0.0164 ms 58.2% ACC_TYPE='tl.float32', ALLOW_TF32=False, BLOCK_K=32, BLOCK_M=16, BLOCK_N=32, EVEN_K=True, GROUP_M=8, USE_FAST_ACCUM=False, num_stages=5, num_warps=2
  triton_mm_299 0.0177 ms 54.2% ACC_TYPE='tl.float32', ALLOW_TF32=False, BLOCK_K=64, BLOCK_M=16, BLOCK_N=64, EVEN_K=True, GROUP_M=8, USE_FAST_ACCUM=False, num_stages=3, num_warps=4
  triton_mm_294 0.0177 ms 54.1% ACC_TYPE='tl.float32', ALLOW_TF32=False, BLOCK_K=32, BLOCK_M=16, BLOCK_N=64, EVEN_K=True, GROUP_M=8, USE_FAST_ACCUM=False, num_stages=5, num_warps=4
  triton_mm_293 0.0181 ms 52.9% ACC_TYPE='tl.float32', ALLOW_TF32=False, BLOCK_K=128, BLOCK_M=16, BLOCK_N=32, EVEN_K=True, GROUP_M=8, USE_FAST_ACCUM=False, num_stages=2, num_warps=2
SingleProcess AUTOTUNE benchmarking takes 0.2448 seconds and 0.3405 seconds precompiling for 20 choices
Autotune Choices Stats:
{"num_choices": 20, "num_triton_choices": 19, "best_kernel": "triton_mm_315", "best_kernel_desc": "ACC_TYPE='tl.float32', ALLOW_TF32=False, BLOCK_K=128, BLOCK_M=16, BLOCK_N=32, EVEN_K=True, GROUP_M=8, USE_FAST_ACCUM=False, num_stages=5, num_warps=2", "best_time": 0.02396799996495247, "best_triton_pos": 0}
AUTOTUNE mm(4x2048, 2048x12288)
strides: [2048, 1], [1, 2048]
dtypes: torch.bfloat16, torch.bfloat16
  triton_mm_315 0.0240 ms 100.0% ACC_TYPE='tl.float32', ALLOW_TF32=False, BLOCK_K=128, BLOCK_M=16, BLOCK_N=32, EVEN_K=True, GROUP_M=8, USE_FAST_ACCUM=False, num_stages=5, num_warps=2
  triton_mm_323 0.0240 ms 99.9% ACC_TYPE='tl.float32', ALLOW_TF32=False, BLOCK_K=128, BLOCK_M=16, BLOCK_N=128, EVEN_K=True, GROUP_M=8, USE_FAST_ACCUM=False, num_stages=4, num_warps=4
  triton_mm_328 0.0241 ms 99.5% ACC_TYPE='tl.float32', ALLOW_TF32=False, BLOCK_K=128, BLOCK_M=16, BLOCK_N=128, EVEN_K=True, GROUP_M=8, USE_FAST_ACCUM=False, num_stages=4, num_warps=8
  mm 0.0242 ms 99.1% 
  triton_mm_319 0.0246 ms 97.5% ACC_TYPE='tl.float32', ALLOW_TF32=False, BLOCK_K=128, BLOCK_M=16, BLOCK_N=64, EVEN_K=True, GROUP_M=8, USE_FAST_ACCUM=False, num_stages=5, num_warps=4
  triton_mm_327 0.0247 ms 97.1% ACC_TYPE='tl.float32', ALLOW_TF32=False, BLOCK_K=64, BLOCK_M=16, BLOCK_N=128, EVEN_K=True, GROUP_M=8, USE_FAST_ACCUM=False, num_stages=5, num_warps=8
  triton_mm_329 0.0296 ms 81.0% ACC_TYPE='tl.float32', ALLOW_TF32=False, BLOCK_K=64, BLOCK_M=16, BLOCK_N=256, EVEN_K=True, GROUP_M=8, USE_FAST_ACCUM=False, num_stages=4, num_warps=8
  triton_mm_312 0.0304 ms 78.9% ACC_TYPE='tl.float32', ALLOW_TF32=False, BLOCK_K=128, BLOCK_M=16, BLOCK_N=32, EVEN_K=True, GROUP_M=8, USE_FAST_ACCUM=False, num_stages=2, num_warps=2
  triton_mm_318 0.0309 ms 77.6% ACC_TYPE='tl.float32', ALLOW_TF32=False, BLOCK_K=64, BLOCK_M=16, BLOCK_N=64, EVEN_K=True, GROUP_M=8, USE_FAST_ACCUM=False, num_stages=3, num_warps=4
  triton_mm_313 0.0325 ms 73.6% ACC_TYPE='tl.float32', ALLOW_TF32=False, BLOCK_K=32, BLOCK_M=16, BLOCK_N=64, EVEN_K=True, GROUP_M=8, USE_FAST_ACCUM=False, num_stages=5, num_warps=4
SingleProcess AUTOTUNE benchmarking takes 0.2781 seconds and 0.0774 seconds precompiling for 20 choices
Autotune Choices Stats:
{"num_choices": 20, "num_triton_choices": 19, "best_kernel": "addmm", "best_time": 0.01897599920630455, "best_triton_pos": 1, "best_triton_time": 0.021088000386953354, "best_triton_kernel": "triton_mm_334", "best_triton_kernel_desc": "ACC_TYPE='tl.float32', ALLOW_TF32=False, BLOCK_K=128, BLOCK_M=16, BLOCK_N=32, EVEN_K=True, GROUP_M=8, USE_FAST_ACCUM=False, num_stages=5, num_warps=2"}
AUTOTUNE addmm(4x2048, 4x6144, 6144x2048)
strides: [2048, 1], [6144, 1], [1, 6144]
dtypes: torch.bfloat16, torch.bfloat16, torch.bfloat16
  addmm 0.0190 ms 100.0% 
  triton_mm_334 0.0211 ms 90.0% ACC_TYPE='tl.float32', ALLOW_TF32=False, BLOCK_K=128, BLOCK_M=16, BLOCK_N=32, EVEN_K=True, GROUP_M=8, USE_FAST_ACCUM=False, num_stages=5, num_warps=2
  triton_mm_338 0.0230 ms 82.5% ACC_TYPE='tl.float32', ALLOW_TF32=False, BLOCK_K=128, BLOCK_M=16, BLOCK_N=64, EVEN_K=True, GROUP_M=8, USE_FAST_ACCUM=False, num_stages=5, num_warps=4
  triton_mm_342 0.0309 ms 61.3% ACC_TYPE='tl.float32', ALLOW_TF32=False, BLOCK_K=128, BLOCK_M=16, BLOCK_N=128, EVEN_K=True, GROUP_M=8, USE_FAST_ACCUM=False, num_stages=4, num_warps=4
  triton_mm_347 0.0324 ms 58.5% ACC_TYPE='tl.float32', ALLOW_TF32=False, BLOCK_K=128, BLOCK_M=16, BLOCK_N=128, EVEN_K=True, GROUP_M=8, USE_FAST_ACCUM=False, num_stages=4, num_warps=8
  triton_mm_346 0.0360 ms 52.8% ACC_TYPE='tl.float32', ALLOW_TF32=False, BLOCK_K=64, BLOCK_M=16, BLOCK_N=128, EVEN_K=True, GROUP_M=8, USE_FAST_ACCUM=False, num_stages=5, num_warps=8
  triton_mm_333 0.0435 ms 43.6% ACC_TYPE='tl.float32', ALLOW_TF32=False, BLOCK_K=32, BLOCK_M=16, BLOCK_N=32, EVEN_K=True, GROUP_M=8, USE_FAST_ACCUM=False, num_stages=5, num_warps=2
  triton_mm_332 0.0473 ms 40.1% ACC_TYPE='tl.float32', ALLOW_TF32=False, BLOCK_K=32, BLOCK_M=16, BLOCK_N=64, EVEN_K=True, GROUP_M=8, USE_FAST_ACCUM=False, num_stages=5, num_warps=4
  triton_mm_331 0.0477 ms 39.8% ACC_TYPE='tl.float32', ALLOW_TF32=False, BLOCK_K=128, BLOCK_M=16, BLOCK_N=32, EVEN_K=True, GROUP_M=8, USE_FAST_ACCUM=False, num_stages=2, num_warps=2
  triton_mm_337 0.0478 ms 39.7% ACC_TYPE='tl.float32', ALLOW_TF32=False, BLOCK_K=64, BLOCK_M=16, BLOCK_N=64, EVEN_K=True, GROUP_M=8, USE_FAST_ACCUM=False, num_stages=3, num_warps=4
SingleProcess AUTOTUNE benchmarking takes 0.3513 seconds and 0.0002 seconds precompiling for 20 choices
Autotune Choices Stats:
{"num_choices": 20, "num_triton_choices": 19, "best_kernel": "triton_mm_357", "best_kernel_desc": "ACC_TYPE='tl.float32', ALLOW_TF32=False, BLOCK_K=128, BLOCK_M=16, BLOCK_N=64, EVEN_K=True, GROUP_M=8, USE_FAST_ACCUM=False, num_stages=5, num_warps=4", "best_time": 0.013183999806642532, "best_triton_pos": 0}
AUTOTUNE mm(4x2048, 2048x5120)
strides: [2048, 1], [1, 2048]
dtypes: torch.bfloat16, torch.bfloat16
  triton_mm_357 0.0132 ms 100.0% ACC_TYPE='tl.float32', ALLOW_TF32=False, BLOCK_K=128, BLOCK_M=16, BLOCK_N=64, EVEN_K=True, GROUP_M=8, USE_FAST_ACCUM=False, num_stages=5, num_warps=4
  mm 0.0134 ms 98.6% 
  triton_mm_353 0.0135 ms 97.4% ACC_TYPE='tl.float32', ALLOW_TF32=False, BLOCK_K=128, BLOCK_M=16, BLOCK_N=32, EVEN_K=True, GROUP_M=8, USE_FAST_ACCUM=False, num_stages=5, num_warps=2
  triton_mm_366 0.0156 ms 84.8% ACC_TYPE='tl.float32', ALLOW_TF32=False, BLOCK_K=128, BLOCK_M=16, BLOCK_N=128, EVEN_K=True, GROUP_M=8, USE_FAST_ACCUM=False, num_stages=4, num_warps=8
  triton_mm_365 0.0166 ms 79.4% ACC_TYPE='tl.float32', ALLOW_TF32=False, BLOCK_K=64, BLOCK_M=16, BLOCK_N=128, EVEN_K=True, GROUP_M=8, USE_FAST_ACCUM=False, num_stages=5, num_warps=8
  triton_mm_361 0.0186 ms 70.8% ACC_TYPE='tl.float32', ALLOW_TF32=False, BLOCK_K=128, BLOCK_M=16, BLOCK_N=128, EVEN_K=True, GROUP_M=8, USE_FAST_ACCUM=False, num_stages=4, num_warps=4
  triton_mm_356 0.0203 ms 65.0% ACC_TYPE='tl.float32', ALLOW_TF32=False, BLOCK_K=64, BLOCK_M=16, BLOCK_N=64, EVEN_K=True, GROUP_M=8, USE_FAST_ACCUM=False, num_stages=3, num_warps=4
  triton_mm_350 0.0207 ms 63.6% ACC_TYPE='tl.float32', ALLOW_TF32=False, BLOCK_K=128, BLOCK_M=16, BLOCK_N=32, EVEN_K=True, GROUP_M=8, USE_FAST_ACCUM=False, num_stages=2, num_warps=2
  triton_mm_352 0.0212 ms 62.2% ACC_TYPE='tl.float32', ALLOW_TF32=False, BLOCK_K=32, BLOCK_M=16, BLOCK_N=32, EVEN_K=True, GROUP_M=8, USE_FAST_ACCUM=False, num_stages=5, num_warps=2
  triton_mm_351 0.0214 ms 61.7% ACC_TYPE='tl.float32', ALLOW_TF32=False, BLOCK_K=32, BLOCK_M=16, BLOCK_N=64, EVEN_K=True, GROUP_M=8, USE_FAST_ACCUM=False, num_stages=5, num_warps=4
SingleProcess AUTOTUNE benchmarking takes 0.2508 seconds and 0.0002 seconds precompiling for 20 choices
Autotune Choices Stats:
{"num_choices": 20, "num_triton_choices": 19, "best_kernel": "triton_bmm_369", "best_kernel_desc": "ACC_TYPE='tl.float32', ALLOW_TF32=False, BLOCK_K=128, BLOCK_M=16, BLOCK_N=32, EVEN_K=True, GROUP_M=8, USE_FAST_ACCUM=False, num_stages=2, num_warps=2", "best_time": 0.00863999966531992, "best_triton_pos": 0}
AUTOTUNE bmm(2x16x256, 2x256x8704)
strides: [4096, 256, 1], [2228224, 1, 256]
dtypes: torch.bfloat16, torch.bfloat16
  triton_bmm_369 0.0086 ms 100.0% ACC_TYPE='tl.float32', ALLOW_TF32=False, BLOCK_K=128, BLOCK_M=16, BLOCK_N=32, EVEN_K=True, GROUP_M=8, USE_FAST_ACCUM=False, num_stages=2, num_warps=2
  triton_bmm_372 0.0087 ms 99.3% ACC_TYPE='tl.float32', ALLOW_TF32=False, BLOCK_K=128, BLOCK_M=16, BLOCK_N=32, EVEN_K=True, GROUP_M=8, USE_FAST_ACCUM=False, num_stages=5, num_warps=2
  triton_bmm_375 0.0087 ms 98.9% ACC_TYPE='tl.float32', ALLOW_TF32=False, BLOCK_K=64, BLOCK_M=16, BLOCK_N=64, EVEN_K=True, GROUP_M=8, USE_FAST_ACCUM=False, num_stages=3, num_warps=4
  triton_bmm_386 0.0088 ms 98.5% ACC_TYPE='tl.float32', ALLOW_TF32=False, BLOCK_K=64, BLOCK_M=16, BLOCK_N=256, EVEN_K=True, GROUP_M=8, USE_FAST_ACCUM=False, num_stages=4, num_warps=8
  bmm 0.0090 ms 96.4% 
  triton_bmm_371 0.0090 ms 96.1% ACC_TYPE='tl.float32', ALLOW_TF32=False, BLOCK_K=32, BLOCK_M=16, BLOCK_N=32, EVEN_K=True, GROUP_M=8, USE_FAST_ACCUM=False, num_stages=5, num_warps=2
  triton_bmm_379 0.0090 ms 95.7% ACC_TYPE='tl.float32', ALLOW_TF32=False, BLOCK_K=64, BLOCK_M=16, BLOCK_N=128, EVEN_K=True, GROUP_M=8, USE_FAST_ACCUM=False, num_stages=3, num_warps=4
  triton_bmm_382 0.0091 ms 95.4% ACC_TYPE='tl.float32', ALLOW_TF32=False, BLOCK_K=32, BLOCK_M=16, BLOCK_N=64, EVEN_K=True, GROUP_M=8, USE_FAST_ACCUM=False, num_stages=4, num_warps=4
  triton_bmm_370 0.0092 ms 94.4% ACC_TYPE='tl.float32', ALLOW_TF32=False, BLOCK_K=32, BLOCK_M=16, BLOCK_N=64, EVEN_K=True, GROUP_M=8, USE_FAST_ACCUM=False, num_stages=5, num_warps=4
  triton_bmm_376 0.0094 ms 91.8% ACC_TYPE='tl.float32', ALLOW_TF32=False, BLOCK_K=128, BLOCK_M=16, BLOCK_N=64, EVEN_K=True, GROUP_M=8, USE_FAST_ACCUM=False, num_stages=5, num_warps=4
SingleProcess AUTOTUNE benchmarking takes 0.2125 seconds and 0.0003 seconds precompiling for 20 choices
Autotune Choices Stats:
{"num_choices": 20, "num_triton_choices": 19, "best_kernel": "bmm", "best_time": 0.018015999346971512, "best_triton_pos": 1, "best_triton_time": 0.027871999889612198, "best_triton_kernel": "triton_bmm_391", "best_triton_kernel_desc": "ACC_TYPE='tl.float32', ALLOW_TF32=False, BLOCK_K=128, BLOCK_M=16, BLOCK_N=32, EVEN_K=True, GROUP_M=8, USE_FAST_ACCUM=False, num_stages=5, num_warps=2"}
AUTOTUNE bmm(2x16x8704, 2x8704x256)
strides: [139264, 8704, 1], [2228224, 256, 1]
dtypes: torch.bfloat16, torch.bfloat16
  bmm 0.0180 ms 100.0% 
  triton_bmm_391 0.0279 ms 64.6% ACC_TYPE='tl.float32', ALLOW_TF32=False, BLOCK_K=128, BLOCK_M=16, BLOCK_N=32, EVEN_K=True, GROUP_M=8, USE_FAST_ACCUM=False, num_stages=5, num_warps=2
  triton_bmm_395 0.0292 ms 61.6% ACC_TYPE='tl.float32', ALLOW_TF32=False, BLOCK_K=128, BLOCK_M=16, BLOCK_N=64, EVEN_K=True, GROUP_M=8, USE_FAST_ACCUM=False, num_stages=5, num_warps=4
  triton_bmm_399 0.0363 ms 49.7% ACC_TYPE='tl.float32', ALLOW_TF32=False, BLOCK_K=128, BLOCK_M=16, BLOCK_N=128, EVEN_K=True, GROUP_M=8, USE_FAST_ACCUM=False, num_stages=4, num_warps=4
  triton_bmm_404 0.0397 ms 45.4% ACC_TYPE='tl.float32', ALLOW_TF32=False, BLOCK_K=128, BLOCK_M=16, BLOCK_N=128, EVEN_K=True, GROUP_M=8, USE_FAST_ACCUM=False, num_stages=4, num_warps=8
  triton_bmm_403 0.0435 ms 41.4% ACC_TYPE='tl.float32', ALLOW_TF32=False, BLOCK_K=64, BLOCK_M=16, BLOCK_N=128, EVEN_K=True, GROUP_M=8, USE_FAST_ACCUM=False, num_stages=5, num_warps=8
  triton_bmm_390 0.0481 ms 37.5% ACC_TYPE='tl.float32', ALLOW_TF32=False, BLOCK_K=32, BLOCK_M=16, BLOCK_N=32, EVEN_K=True, GROUP_M=8, USE_FAST_ACCUM=False, num_stages=5, num_warps=2
  triton_bmm_389 0.0505 ms 35.7% ACC_TYPE='tl.float32', ALLOW_TF32=False, BLOCK_K=32, BLOCK_M=16, BLOCK_N=64, EVEN_K=True, GROUP_M=8, USE_FAST_ACCUM=False, num_stages=5, num_warps=4
  triton_bmm_394 0.0545 ms 33.1% ACC_TYPE='tl.float32', ALLOW_TF32=False, BLOCK_K=64, BLOCK_M=16, BLOCK_N=64, EVEN_K=True, GROUP_M=8, USE_FAST_ACCUM=False, num_stages=3, num_warps=4
  triton_bmm_398 0.0588 ms 30.6% ACC_TYPE='tl.float32', ALLOW_TF32=False, BLOCK_K=64, BLOCK_M=16, BLOCK_N=128, EVEN_K=True, GROUP_M=8, USE_FAST_ACCUM=False, num_stages=3, num_warps=4
SingleProcess AUTOTUNE benchmarking takes 0.3763 seconds and 0.0002 seconds precompiling for 20 choices
Autotune Choices Stats:
{"num_choices": 20, "num_triton_choices": 19, "best_kernel": "triton_mm_410", "best_kernel_desc": "ACC_TYPE='tl.float32', ALLOW_TF32=False, BLOCK_K=128, BLOCK_M=16, BLOCK_N=32, EVEN_K=True, GROUP_M=8, USE_FAST_ACCUM=False, num_stages=5, num_warps=2", "best_time": 0.009759999811649323, "best_triton_pos": 0}
AUTOTUNE addmm(4x2048, 4x2048, 2048x2048)
strides: [2048, 1], [2048, 1], [1, 2048]
dtypes: torch.bfloat16, torch.bfloat16, torch.bfloat16
  triton_mm_410 0.0098 ms 100.0% ACC_TYPE='tl.float32', ALLOW_TF32=False, BLOCK_K=128, BLOCK_M=16, BLOCK_N=32, EVEN_K=True, GROUP_M=8, USE_FAST_ACCUM=False, num_stages=5, num_warps=2
  triton_mm_414 0.0106 ms 91.9% ACC_TYPE='tl.float32', ALLOW_TF32=False, BLOCK_K=128, BLOCK_M=16, BLOCK_N=64, EVEN_K=True, GROUP_M=8, USE_FAST_ACCUM=False, num_stages=5, num_warps=4
  addmm 0.0117 ms 83.1% 
  triton_mm_418 0.0134 ms 73.0% ACC_TYPE='tl.float32', ALLOW_TF32=False, BLOCK_K=128, BLOCK_M=16, BLOCK_N=128, EVEN_K=True, GROUP_M=8, USE_FAST_ACCUM=False, num_stages=4, num_warps=4
  triton_mm_423 0.0140 ms 70.0% ACC_TYPE='tl.float32', ALLOW_TF32=False, BLOCK_K=128, BLOCK_M=16, BLOCK_N=128, EVEN_K=True, GROUP_M=8, USE_FAST_ACCUM=False, num_stages=4, num_warps=8
  triton_mm_422 0.0143 ms 68.2% ACC_TYPE='tl.float32', ALLOW_TF32=False, BLOCK_K=64, BLOCK_M=16, BLOCK_N=128, EVEN_K=True, GROUP_M=8, USE_FAST_ACCUM=False, num_stages=5, num_warps=8
  triton_mm_409 0.0166 ms 58.7% ACC_TYPE='tl.float32', ALLOW_TF32=False, BLOCK_K=32, BLOCK_M=16, BLOCK_N=32, EVEN_K=True, GROUP_M=8, USE_FAST_ACCUM=False, num_stages=5, num_warps=2
  triton_mm_408 0.0180 ms 54.4% ACC_TYPE='tl.float32', ALLOW_TF32=False, BLOCK_K=32, BLOCK_M=16, BLOCK_N=64, EVEN_K=True, GROUP_M=8, USE_FAST_ACCUM=False, num_stages=5, num_warps=4
  triton_mm_413 0.0181 ms 54.0% ACC_TYPE='tl.float32', ALLOW_TF32=False, BLOCK_K=64, BLOCK_M=16, BLOCK_N=64, EVEN_K=True, GROUP_M=8, USE_FAST_ACCUM=False, num_stages=3, num_warps=4
  triton_mm_407 0.0184 ms 53.0% ACC_TYPE='tl.float32', ALLOW_TF32=False, BLOCK_K=128, BLOCK_M=16, BLOCK_N=32, EVEN_K=True, GROUP_M=8, USE_FAST_ACCUM=False, num_stages=2, num_warps=2
SingleProcess AUTOTUNE benchmarking takes 0.2462 seconds and 0.0002 seconds precompiling for 20 choices
k3_layer_at_ep {'correct': False, 'why': 'dev-structured-2048: decode logits max|diff| 2.750 > tol 2.438 (HF floor 1.219)'}
k4_compile {'correct': True, 'why': 'ok (max|diff| 2.125, tol 2.438)', 'geomean': 610.5351232508219, 'spread': (610.2841891200013, 610.7858809135558), 'accepted': False}
k2_compile_gemv2 {'correct': True, 'why': 'ok (max|diff| 1.500, tol 2.438)', 'geomean': 589.9579640201416, 'spread': (589.8131925390036, 590.1026678793811), 'accepted': False}
incumbent: k0_compile
saved results/opt_ledger.json
exit code 0
Stopping app - local entrypoint completed.
✓ App completed. View run at 
https://modal.com/apps/islamborghini/main/ap-6lYea02pzwsTxenT2ItVKN
